[
 {
  "specifier": false,
  "local_file": true,
  "name": "MyProject",
  "editable": false,
  "subdirectory": null,
  "uri": "file:///path/to/your/lib/project",
  "extras": [],
  "vcs": null,
  "path": null,
  "recursive": false,
  "line":  "file:///path/to/your/lib/project#egg=MyProject",
  "hash_name": null,
  "hash": null,
  "specs": [],
  "revision": null
 },
 {
  "specifier": false,
  "local_file": true,
  "name": "MyProject",
  "editable": false,
  "subdirectory": null,
  "uri": "file://../../lib/project",
  "extras": [],
  "vcs": null,
  "path": null,
  "recursive": false,
  "line":  "file://../../lib/project#egg=MyProject",
  "hash_name": null,
  "hash": null,
  "specs": [],
  "revision": null
 },
 {
  "specifier": false,
  "local_file": true,
  "name": "SomeOtherProject",
  "editable": false,
  "subdirectory": null,
  "uri": null,
  "extras": [],
  "vcs": null,
  "path": "path/to/SomeProject",
  "recursive": false,
  "line":  "path/to/SomeProject#egg=SomeOtherProject",
  "hash_name": null,
  "hash": null,
  "specs": [],
  "revision": null
 },
 {
  "editable": true,
  "subdirectory": null,
  "extras": [],
  "line":  "-e path/to/AnotherProject#egg=AnotherProject",
  "hash_name": null,
  "hash": null,
  "local_file": true,
  "name": "AnotherProject",
  "path": "path/to/AnotherProject",
  "recursive": false,
  "revision": null,
  "specifier": false,
  "specs": [],
  "uri": null,
  "vcs": null
 }
]
