[
 {
  "specifier": false,
  "local_file": false,
  "name": "requirements",
  "editable": true,
  "subdirectory": null,
  "uri": "git+https://github.com/davidfischer/requirements-parser.git",
  "extras": [],
  "vcs": "git",
  "path": null,
  "recursive": false,
  "line":  "-e git+https://github.com/davidfischer/requirements-parser.git#egg=requirements",
  "hash_name": null,
  "hash": null,
  "specs": [],
  "revision": null
 },
 {
  "specifier": true,
  "local_file": false,
  "name": "Django",
  "editable": false,
  "subdirectory": null,
  "uri": null,
  "extras": [],
  "vcs": null,
  "path": null,
  "recursive": false,
  "line":  "Django >=1.5, <1.6",
  "hash_name": null,
  "hash": null,
  "specs": [
   [
    "<",
    "1.6"
   ],
   [
    ">=",
    "1.5"
   ]
  ],
  "revision": null
 },
 {
  "specifier": true,
  "local_file": false,
  "name": "numpy",
  "editable": false,
  "subdirectory": null,
  "uri": null,
  "extras": [],
  "vcs": null,
  "path": null,
  "recursive": false,
  "line":  "numpy",
  "hash_name": null,
  "hash": null,
  "specs": [],
  "revision": null
 },
 {
  "specifier": true,
  "local_file": false,
  "name": "DocParser",
  "editable": false,
  "subdirectory": null,
  "uri": null,
  "extras": [
   "pdf"
  ],
  "vcs": null,
  "path": null,
  "recursive": false,
  "line":  "DocParser [PDF]",
  "hash_name": null,
  "hash": null,
  "specs": [],
  "revision": null
 }
]
