[
  {
    "specifier": true,
    "local_file": false,
    "name": "ipdb",
    "editable": false,
    "subdirectory": null,
    "uri": null,
    "extras": [],
    "vcs": null,
    "path": null,
    "recursive": false,
    "line":  "ipdb",
    "hash_name": null,
    "hash": null,    "specs": [],
    "revision": null
  },
  {
    "specifier": true,
    "local_file": false,
    "name": "Jinja",
    "editable": false,
    "subdirectory": null,
    "uri": null,
    "extras": [],
    "vcs": null,
    "path": null,
    "recursive": false,
    "line":  "Jinja",
    "hash_name": null,
    "hash": null,    "specs": [],
    "revision": null
  }
]
