[
 {
  "specifier": true,
  "local_file": false,
  "name": "psycopg2",
  "editable": false,
  "subdirectory": null,
  "uri": null,
  "extras": [],
  "vcs": null,
  "path": null,
  "recursive": false,
  "line":  "psycopg2",
  "hash_name": null,
  "hash": null,
  "specs": [],
  "revision": null
 },
 {
  "specifier": true,
  "local_file": false,
  "name": "gunicorn",
  "editable": false,
  "subdirectory": null,
  "uri": null,
  "extras": [],
  "vcs": null,
  "path": null,
  "recursive": false,
  "line":  "gunicorn",
  "hash_name": null,
  "hash": null,
  "specs": [],
  "revision": null
 },
 {
  "specifier": true,
  "local_file": false,
  "name": "pysolr",
  "editable": false,
  "subdirectory": null,
  "uri": null,
  "extras": [],
  "vcs": null,
  "path": null,
  "recursive": false,
  "line":  "pysolr",
  "hash_name": null,
  "hash": null,
  "specs": [],
  "revision": null
 },
 {
  "specifier": true,
  "local_file": false,
  "name": "python-memcached",
  "editable": false,
  "subdirectory": null,
  "uri": null,
  "extras": [],
  "vcs": null,
  "path": null,
  "recursive": false,
  "line":  "python-memcached",
  "hash_name": null,
  "hash": null,
  "specs": [],
  "revision": null
 },
 {
  "specifier": true,
  "local_file": false,
  "name": "dnspython",
  "editable": false,
  "subdirectory": null,
  "uri": null,
  "extras": [],
  "vcs": null,
  "path": null,
  "recursive": false,
  "line":  "dnspython",
  "hash_name": null,
  "hash": null,
  "specs": [],
  "revision": null
 }
]
