[
 {
  "specifier": false,
  "local_file": false,
  "name": "MyProject",
  "editable": true,
  "subdirectory": "setup",
  "uri": "git+git://git.myproject.org/MyProject",
  "extras": [],
  "vcs": "git",
  "path": null,
  "recursive": false,
  "line":  "-e git+git://git.myproject.org/MyProject#egg=MyProject&subdirectory=setup",
  "hash_name": null,
  "hash": null,
  "specs": [],
  "revision": null
 },
 {
  "specifier": false,
  "local_file": false,
  "name": "MyProject",
  "editable": false,
  "subdirectory": "setup",
  "uri": "git+git://git.myproject.org/MyProject",
  "extras": [],
  "vcs": "git",
  "path": null,
  "recursive": false,
  "line":  "git+git://git.myproject.org/MyProject#egg=MyProject&subdirectory=setup",
  "hash_name": null,
  "hash": null,
  "specs": [],
  "revision": null
 }
]
