[
 {
  "specifier": false,
  "local_file": false,
  "name": "MyProject",
  "editable": true,
  "subdirectory": null,
  "uri": "svn+svn://svn.myproject.org/svn/MyProject",
  "extras": [],
  "vcs": "svn",
  "path": null,
  "recursive": false,
  "line":  "-e svn+svn://svn.myproject.org/svn/MyProject#egg=MyProject",
  "hash_name": null,
  "hash": null,
  "specs": [],
  "revision": null
 },
 {
  "specifier": false,
  "local_file": false,
  "name": "MyProject",
  "editable": true,
  "subdirectory": null,
  "uri": "svn+http://svn.myproject.org/svn/MyProject/trunk",
  "extras": [],
  "vcs": "svn",
  "path": null,
  "recursive": false,
  "line":  "-e svn+http://svn.myproject.org/svn/MyProject/trunk@2019#egg=MyProject",
  "hash_name": null,
  "hash": null,
  "specs": [],
  "revision": "2019"
 },
 {
  "specifier": false,
  "local_file": false,
  "name": "MyProject",
  "editable": false,
  "subdirectory": null,
  "uri": "svn+svn://svn.myproject.org/svn/MyProject",
  "extras": [],
  "vcs": "svn",
  "path": null,
  "recursive": false,
  "line":  "svn+svn://svn.myproject.org/svn/MyProject#egg=MyProject",
  "hash_name": null,
  "hash": null,
  "specs": [],
  "revision": null
 },
 {
  "specifier": false,
  "local_file": false,
  "name": "MyProject",
  "editable": false,
  "subdirectory": null,
  "uri": "svn+http://svn.myproject.org/svn/MyProject/trunk",
  "extras": [],
  "vcs": "svn",
  "path": null,
  "recursive": false,
  "line":  "svn+http://svn.myproject.org/svn/MyProject/trunk@2019#egg=MyProject",
  "hash_name": null,
  "hash": null,
  "specs": [],
  "revision": "2019"
 }
]
